// Jest Snapshot v1, https://goo.gl/fbAQLP

exports[`SummaryReporter with default options with all results under budget writes to output stream with results 1`] = `""`;

exports[`SummaryReporter with default options with baselines writes to output stream with results 1`] = `
"[1mSummary[22m
[1m[32m â€º 1 entry under baseline[39m[22m
   â†³   â€¢ [2mfoo/[22m[1mqux.js[22m [2m3.94KB < 3.97KB[22m
[1m[33m â€º 2 entries over baseline[39m[22m
   â†³   â€¢ [2mfoo/[22m[1mbar.js[22m [2m3.97KB >= 3.94KB[22m
       â€¢ [2mfoo/[22m[1mquux.js[22m [2m3.94KB >= 0B[22m

"
`;

exports[`SummaryReporter with default options with multiple results over budget writes to output stream with results 1`] = `
"[1mSummary[22m
[1m[31m â€º 3 entries over budget[39m[22m
   â†³   â€¢ [2mfoo/[22m[1mbaz.js[22m [2m4.13KB >= 4KB[22m
       â€¢ [2mfoo/[22m[1mqux.js[22m [2m4.16KB >= 4KB[22m
       â€¢ [2mfoo/[22m[1mquux.js[22m [2m4.13KB >= 4KB[22m

"
`;

exports[`SummaryReporter with default options with no results writes to output stream with results 1`] = `""`;

exports[`SummaryReporter with default options with one result over budget writes to output stream with results 1`] = `
"[1mSummary[22m
[1m[31m â€º 1 entry over budget[39m[22m
   â†³   â€¢ [2mfoo/[22m[1mbaz.js[22m [2m4.13KB >= 4KB[22m

"
`;

exports[`SummaryReporter with output stream with all results under budget writes to output stream with results 1`] = `""`;

exports[`SummaryReporter with output stream with baselines writes to output stream with results 1`] = `
"[1mSummary[22m
[1m[32m â€º 1 entry under baseline[39m[22m
   â†³   â€¢ [2mfoo/[22m[1mqux.js[22m [2m3.94KB < 3.97KB[22m
[1m[33m â€º 2 entries over baseline[39m[22m
   â†³   â€¢ [2mfoo/[22m[1mbar.js[22m [2m3.97KB >= 3.94KB[22m
       â€¢ [2mfoo/[22m[1mquux.js[22m [2m3.94KB >= 0B[22m

"
`;

exports[`SummaryReporter with output stream with multiple results over budget writes to output stream with results 1`] = `
"[1mSummary[22m
[1m[31m â€º 3 entries over budget[39m[22m
   â†³   â€¢ [2mfoo/[22m[1mbaz.js[22m [2m4.13KB >= 4KB[22m
       â€¢ [2mfoo/[22m[1mqux.js[22m [2m4.16KB >= 4KB[22m
       â€¢ [2mfoo/[22m[1mquux.js[22m [2m4.13KB >= 4KB[22m

"
`;

exports[`SummaryReporter with output stream with no results writes to output stream with results 1`] = `""`;

exports[`SummaryReporter with output stream with one result over budget writes to output stream with results 1`] = `
"[1mSummary[22m
[1m[31m â€º 1 entry over budget[39m[22m
   â†³   â€¢ [2mfoo/[22m[1mbaz.js[22m [2m4.13KB >= 4KB[22m

"
`;

exports[`SummaryReporter without color with all results under budget writes to output stream with results 1`] = `""`;

exports[`SummaryReporter without color with baselines writes to output stream with results 1`] = `
"Summary
 â€º 1 entry under baseline
   â†³   â€¢ foo/qux.js 3.94KB < 3.97KB
 â€º 2 entries over baseline
   â†³   â€¢ foo/bar.js 3.97KB >= 3.94KB
       â€¢ foo/quux.js 3.94KB >= 0B

"
`;

exports[`SummaryReporter without color with multiple results over budget writes to output stream with results 1`] = `
"Summary
 â€º 3 entries over budget
   â†³   â€¢ foo/baz.js 4.13KB >= 4KB
       â€¢ foo/qux.js 4.16KB >= 4KB
       â€¢ foo/quux.js 4.13KB >= 4KB

"
`;

exports[`SummaryReporter without color with no results writes to output stream with results 1`] = `""`;

exports[`SummaryReporter without color with one result over budget writes to output stream with results 1`] = `
"Summary
 â€º 1 entry over budget
   â†³   â€¢ foo/baz.js 4.13KB >= 4KB

"
`;
